// Jest Snapshot v1, https://goo.gl/fbAQLP

exports[`Calculator app Matches DOM tree snapshot 1`] = `
<div
  id="drum-machine"
>
  <div
    className="top-bar"
  >
    <p>
      Mercenary 
      <span
        className="thin"
      >
        Instruments
      </span>
       
      <span
        className="model"
      >
        LV-426
      </span>
    </p>
    <img
      alt="Mercenary Instruments logo"
      className="logo"
      src="./favicon.png"
    />
  </div>
  <div
    className="main-box"
  >
    <div
      className="left-panel"
    >
      <div
        className="display-container"
      >
        <div
          className="no-select"
          id="display"
        >
          <p>
            Bank: 
            Synthwave
          </p>
          <p>
            Sample: 
          </p>
          <p>
            Volume: 
            1
          </p>
        </div>
      </div>
      <div
        className="btn-container"
      >
        <button
          className="bank-btn"
          id="bank1"
          onClick={[Function]}
        >
          Bank 1
        </button>
        <button
          className="bank-btn"
          id="bank2"
          onClick={[Function]}
        >
          Bank 2
        </button>
        <button
          className="bank-btn"
          id="bank3"
          onClick={[Function]}
        >
          Bank 3
        </button>
      </div>
      <div
        className="otherbtn-container"
      >
        <div
          className="power-container"
        >
          <button
            className="powbtn-on"
            id="power"
            onClick={[Function]}
          >
            On | Off
          </button>
        </div>
        <div
          className="volume-container"
        >
          <button
            className="bank-btn"
            id="vol-up"
            onClick={[Function]}
          >
            Vol+
          </button>
          <button
            className="bank-btn"
            id="vol-down"
            onClick={[Function]}
          >
            Vol-
          </button>
        </div>
      </div>
    </div>
    <div
      className="right-panel no-select"
    >
      <button
        className="drum-pad padQ "
        id="Kick-1"
        onClick={[Function]}
      >
        <audio
          className="clip"
          id="Q"
          preload="auto"
          src="kick1.mp3"
        >
           
        </audio>
        Q
      </button>
      <button
        className="drum-pad padW "
        id="Kick-2"
        onClick={[Function]}
      >
        <audio
          className="clip"
          id="W"
          preload="auto"
          src="kick2.mp3"
        >
           
        </audio>
        W
      </button>
      <button
        className="drum-pad padE "
        id="Snare"
        onClick={[Function]}
      >
        <audio
          className="clip"
          id="E"
          preload="auto"
          src="snare.mp3"
        >
           
        </audio>
        E
      </button>
      <button
        className="drum-pad padA "
        id="Tom-1"
        onClick={[Function]}
      >
        <audio
          className="clip"
          id="A"
          preload="auto"
          src="tom1.mp3"
        >
           
        </audio>
        A
      </button>
      <button
        className="drum-pad padS "
        id="Tom-2"
        onClick={[Function]}
      >
        <audio
          className="clip"
          id="S"
          preload="auto"
          src="tom2.mp3"
        >
           
        </audio>
        S
      </button>
      <button
        className="drum-pad padD "
        id="Hihat-closed"
        onClick={[Function]}
      >
        <audio
          className="clip"
          id="D"
          preload="auto"
          src="hihatClosed.mp3"
        >
           
        </audio>
        D
      </button>
      <button
        className="drum-pad padZ "
        id="Cymbal-crash"
        onClick={[Function]}
      >
        <audio
          className="clip"
          id="Z"
          preload="auto"
          src="cymbalCrash.mp3"
        >
           
        </audio>
        Z
      </button>
      <button
        className="drum-pad padX "
        id="Clap"
        onClick={[Function]}
      >
        <audio
          className="clip"
          id="X"
          preload="auto"
          src="clap.mp3"
        >
           
        </audio>
        X
      </button>
      <button
        className="drum-pad padC "
        id="Clap-snare"
        onClick={[Function]}
      >
        <audio
          className="clip"
          id="C"
          preload="auto"
          src="clapSnare.mp3"
        >
           
        </audio>
        C
      </button>
    </div>
  </div>
  <div
    className="bottom-bar text-center"
  >
    <p>
      Coded byÂ 
      <a
        href="https://steviegill-webportfolio.netlify.app/"
        title="Stevie's web app portofolio page"
      >
        Stevie Gill
      </a>
      ; 
      <a
        href="https://github.com/caffeinated-pixels/drum-machine-dev"
        title="Drum machine Github repo"
      >
        <svg
          aria-hidden="true"
          className="svg-inline--fa fa-square-github githubIcon"
          data-icon="square-github"
          data-prefix="fab"
          focusable="false"
          role="img"
          style={Object {}}
          viewBox="0 0 448 512"
          xmlns="http://www.w3.org/2000/svg"
        >
          <path
            d="M400 32H48C21.5 32 0 53.5 0 80v352c0 26.5 21.5 48 48 48h352c26.5 0 48-21.5 48-48V80c0-26.5-21.5-48-48-48zM277.3 415.7c-8.4 1.5-11.5-3.7-11.5-8 0-5.4.2-33 .2-55.3 0-15.6-5.2-25.5-11.3-30.7 37-4.1 76-9.2 76-73.1 0-18.2-6.5-27.3-17.1-39 1.7-4.3 7.4-22-1.7-45-13.9-4.3-45.7 17.9-45.7 17.9-13.2-3.7-27.5-5.6-41.6-5.6-14.1 0-28.4 1.9-41.6 5.6 0 0-31.8-22.2-45.7-17.9-9.1 22.9-3.5 40.6-1.7 45-10.6 11.7-15.6 20.8-15.6 39 0 63.6 37.3 69 74.3 73.1-4.8 4.3-9.1 11.7-10.6 22.3-9.5 4.3-33.8 11.7-48.3-13.9-9.1-15.8-25.5-17.1-25.5-17.1-16.2-.2-1.1 10.2-1.1 10.2 10.8 5 18.4 24.2 18.4 24.2 9.7 29.7 56.1 19.7 56.1 19.7 0 13.9.2 36.5.2 40.6 0 4.3-3 9.5-11.5 8-66-22.1-112.2-84.9-112.2-158.3 0-91.8 70.2-161.5 162-161.5S388 165.6 388 257.4c.1 73.4-44.7 136.3-110.7 158.3zm-98.1-61.1c-1.9.4-3.7-.4-3.9-1.7-.2-1.5 1.1-2.8 3-3.2 1.9-.2 3.7.6 3.9 1.9.3 1.3-1 2.6-3 3zm-9.5-.9c0 1.3-1.5 2.4-3.5 2.4-2.2.2-3.7-.9-3.7-2.4 0-1.3 1.5-2.4 3.5-2.4 1.9-.2 3.7.9 3.7 2.4zm-13.7-1.1c-.4 1.3-2.4 1.9-4.1 1.3-1.9-.4-3.2-1.9-2.8-3.2.4-1.3 2.4-1.9 4.1-1.5 2 .6 3.3 2.1 2.8 3.4zm-12.3-5.4c-.9 1.1-2.8.9-4.3-.6-1.5-1.3-1.9-3.2-.9-4.1.9-1.1 2.8-.9 4.3.6 1.3 1.3 1.8 3.3.9 4.1zm-9.1-9.1c-.9.6-2.6 0-3.7-1.5s-1.1-3.2 0-3.9c1.1-.9 2.8-.2 3.7 1.3 1.1 1.5 1.1 3.3 0 4.1zm-6.5-9.7c-.9.9-2.4.4-3.5-.6-1.1-1.3-1.3-2.8-.4-3.5.9-.9 2.4-.4 3.5.6 1.1 1.3 1.3 2.8.4 3.5zm-6.7-7.4c-.4.9-1.7 1.1-2.8.4-1.3-.6-1.9-1.7-1.5-2.6.4-.6 1.5-.9 2.8-.4 1.3.7 1.9 1.8 1.5 2.6z"
            fill="currentColor"
            style={Object {}}
          />
        </svg>
         repo
      </a>
    </p>
  </div>
</div>
`;
